// Jest Snapshot v1, https://goo.gl/fbAQLP

exports[`Loading should render Loading 1`] = `
<Loading>
  <Styled(Component)
    className="loading-container"
    display="flex"
    element="div"
    flexDirection="column"
  >
    <Component
      className="loading-container sc-bdVaJa hgkmdP"
      display="flex"
      element="div"
      flexDirection="column"
    >
      <div
        className="loading-container sc-bdVaJa hgkmdP"
      >
        <Styled(Component)
          className="center"
          display="flex"
          element="div"
          flexDirection="column"
        >
          <Component
            className="center sc-bdVaJa hgkmdP"
            display="flex"
            element="div"
            flexDirection="column"
          >
            <div
              className="center sc-bdVaJa hgkmdP"
            >
              <img
                alt="Zen Protocol Logo"
                className="zen-logo"
                src="assets/img/zen-animated-logo.gif"
              />
              <h1>
                Welcome to Zen Protocol
              </h1>
              <p>
                Loading, please wait
              </p>
              <img
                alt="Loading Gif"
                className="loading-dots display-none"
                src="assets/img/loading.gif"
              />
            </div>
          </Component>
        </Styled(Component)>
      </div>
    </Component>
  </Styled(Component)>
</Loading>
`;
